// Jest Snapshot v1, https://goo.gl/fbAQLP

exports[`ToDoList renders correctly with items 1`] = `
Object {
  "asFragment": [Function],
  "baseElement": <body>
    <div>
      <div
        class="todoList"
      >
        <ul>
          <li
            class="todoItem "
          >
            <label
              class="checkbox"
              for="testId1"
            >
              <div>
                <div
                  class="styledCheckbox checked"
                />
                <input
                  checked=""
                  id="testId1"
                  type="checkbox"
                />
              </div>
              <span
                class="itemText crossed"
              >
                testText1
              </span>
            </label>
          </li>
          <li
            class="todoItem "
          >
            <label
              class="checkbox"
              for="testId2"
            >
              <div>
                <div
                  class="styledCheckbox unchecked"
                />
                <input
                  id="testId2"
                  type="checkbox"
                />
              </div>
              <span
                class="itemText undefined"
              >
                testText2
              </span>
            </label>
          </li>
          <li
            class="todoItem "
          >
            <label
              class="checkbox"
              for="testId3"
            >
              <div>
                <div
                  class="styledCheckbox checked"
                />
                <input
                  checked=""
                  id="testId3"
                  type="checkbox"
                />
              </div>
              <span
                class="itemText crossed"
              >
                testText3
              </span>
            </label>
          </li>
          <li
            class="todoItem "
          >
            <label
              class="checkbox"
              for="testId4"
            >
              <div>
                <div
                  class="styledCheckbox unchecked"
                />
                <input
                  id="testId4"
                  type="checkbox"
                />
              </div>
              <span
                class="itemText undefined"
              >
                testText4
              </span>
            </label>
          </li>
        </ul>
        <div
          class="controlPannel"
        >
          <span
            class="counter"
          >
            4 items left
          </span>
          <div>
            <button
              class="filterButton  "
              name="All"
              type="button"
            >
              All
            </button>
            <button
              class="filterButton  "
              name="Active"
              type="button"
            >
              Active
            </button>
            <button
              class="filterButton  "
              name="Completed"
              type="button"
            >
              Completed
            </button>
          </div>
          <button
            class="clearButton "
            type="button"
          >
            Clear completed
          </button>
        </div>
      </div>
    </div>
  </body>,
  "container": <div>
    <div
      class="todoList"
    >
      <ul>
        <li
          class="todoItem "
        >
          <label
            class="checkbox"
            for="testId1"
          >
            <div>
              <div
                class="styledCheckbox checked"
              />
              <input
                checked=""
                id="testId1"
                type="checkbox"
              />
            </div>
            <span
              class="itemText crossed"
            >
              testText1
            </span>
          </label>
        </li>
        <li
          class="todoItem "
        >
          <label
            class="checkbox"
            for="testId2"
          >
            <div>
              <div
                class="styledCheckbox unchecked"
              />
              <input
                id="testId2"
                type="checkbox"
              />
            </div>
            <span
              class="itemText undefined"
            >
              testText2
            </span>
          </label>
        </li>
        <li
          class="todoItem "
        >
          <label
            class="checkbox"
            for="testId3"
          >
            <div>
              <div
                class="styledCheckbox checked"
              />
              <input
                checked=""
                id="testId3"
                type="checkbox"
              />
            </div>
            <span
              class="itemText crossed"
            >
              testText3
            </span>
          </label>
        </li>
        <li
          class="todoItem "
        >
          <label
            class="checkbox"
            for="testId4"
          >
            <div>
              <div
                class="styledCheckbox unchecked"
              />
              <input
                id="testId4"
                type="checkbox"
              />
            </div>
            <span
              class="itemText undefined"
            >
              testText4
            </span>
          </label>
        </li>
      </ul>
      <div
        class="controlPannel"
      >
        <span
          class="counter"
        >
          4 items left
        </span>
        <div>
          <button
            class="filterButton  "
            name="All"
            type="button"
          >
            All
          </button>
          <button
            class="filterButton  "
            name="Active"
            type="button"
          >
            Active
          </button>
          <button
            class="filterButton  "
            name="Completed"
            type="button"
          >
            Completed
          </button>
        </div>
        <button
          class="clearButton "
          type="button"
        >
          Clear completed
        </button>
      </div>
    </div>
  </div>,
  "debug": [Function],
  "findAllByAltText": [Function],
  "findAllByDisplayValue": [Function],
  "findAllByLabelText": [Function],
  "findAllByPlaceholderText": [Function],
  "findAllByRole": [Function],
  "findAllByTestId": [Function],
  "findAllByText": [Function],
  "findAllByTitle": [Function],
  "findByAltText": [Function],
  "findByDisplayValue": [Function],
  "findByLabelText": [Function],
  "findByPlaceholderText": [Function],
  "findByRole": [Function],
  "findByTestId": [Function],
  "findByText": [Function],
  "findByTitle": [Function],
  "getAllByAltText": [Function],
  "getAllByDisplayValue": [Function],
  "getAllByLabelText": [Function],
  "getAllByPlaceholderText": [Function],
  "getAllByRole": [Function],
  "getAllByTestId": [Function],
  "getAllByText": [Function],
  "getAllByTitle": [Function],
  "getByAltText": [Function],
  "getByDisplayValue": [Function],
  "getByLabelText": [Function],
  "getByPlaceholderText": [Function],
  "getByRole": [Function],
  "getByTestId": [Function],
  "getByText": [Function],
  "getByTitle": [Function],
  "queryAllByAltText": [Function],
  "queryAllByDisplayValue": [Function],
  "queryAllByLabelText": [Function],
  "queryAllByPlaceholderText": [Function],
  "queryAllByRole": [Function],
  "queryAllByTestId": [Function],
  "queryAllByText": [Function],
  "queryAllByTitle": [Function],
  "queryByAltText": [Function],
  "queryByDisplayValue": [Function],
  "queryByLabelText": [Function],
  "queryByPlaceholderText": [Function],
  "queryByRole": [Function],
  "queryByTestId": [Function],
  "queryByText": [Function],
  "queryByTitle": [Function],
  "rerender": [Function],
  "unmount": [Function],
}
`;

exports[`ToDoList renders correctly without items 1`] = `
Object {
  "asFragment": [Function],
  "baseElement": <body>
    <div>
      <div
        class="todoList"
      >
        <ul>
          <li
            class="todoItem "
          >
            <label
              class="checkbox"
              for="testId1"
            >
              <div>
                <div
                  class="styledCheckbox checked"
                />
                <input
                  checked=""
                  id="testId1"
                  type="checkbox"
                />
              </div>
              <span
                class="itemText crossed"
              >
                testText1
              </span>
            </label>
          </li>
          <li
            class="todoItem "
          >
            <label
              class="checkbox"
              for="testId2"
            >
              <div>
                <div
                  class="styledCheckbox unchecked"
                />
                <input
                  id="testId2"
                  type="checkbox"
                />
              </div>
              <span
                class="itemText undefined"
              >
                testText2
              </span>
            </label>
          </li>
          <li
            class="todoItem "
          >
            <label
              class="checkbox"
              for="testId3"
            >
              <div>
                <div
                  class="styledCheckbox checked"
                />
                <input
                  checked=""
                  id="testId3"
                  type="checkbox"
                />
              </div>
              <span
                class="itemText crossed"
              >
                testText3
              </span>
            </label>
          </li>
          <li
            class="todoItem "
          >
            <label
              class="checkbox"
              for="testId4"
            >
              <div>
                <div
                  class="styledCheckbox unchecked"
                />
                <input
                  id="testId4"
                  type="checkbox"
                />
              </div>
              <span
                class="itemText undefined"
              >
                testText4
              </span>
            </label>
          </li>
        </ul>
        <div
          class="controlPannel"
        >
          <span
            class="counter"
          >
            4 items left
          </span>
          <div>
            <button
              class="filterButton  "
              name="All"
              type="button"
            >
              All
            </button>
            <button
              class="filterButton  "
              name="Active"
              type="button"
            >
              Active
            </button>
            <button
              class="filterButton  "
              name="Completed"
              type="button"
            >
              Completed
            </button>
          </div>
          <button
            class="clearButton "
            type="button"
          >
            Clear completed
          </button>
        </div>
      </div>
    </div>
  </body>,
  "container": <div>
    <div
      class="todoList"
    >
      <ul>
        <li
          class="todoItem "
        >
          <label
            class="checkbox"
            for="testId1"
          >
            <div>
              <div
                class="styledCheckbox checked"
              />
              <input
                checked=""
                id="testId1"
                type="checkbox"
              />
            </div>
            <span
              class="itemText crossed"
            >
              testText1
            </span>
          </label>
        </li>
        <li
          class="todoItem "
        >
          <label
            class="checkbox"
            for="testId2"
          >
            <div>
              <div
                class="styledCheckbox unchecked"
              />
              <input
                id="testId2"
                type="checkbox"
              />
            </div>
            <span
              class="itemText undefined"
            >
              testText2
            </span>
          </label>
        </li>
        <li
          class="todoItem "
        >
          <label
            class="checkbox"
            for="testId3"
          >
            <div>
              <div
                class="styledCheckbox checked"
              />
              <input
                checked=""
                id="testId3"
                type="checkbox"
              />
            </div>
            <span
              class="itemText crossed"
            >
              testText3
            </span>
          </label>
        </li>
        <li
          class="todoItem "
        >
          <label
            class="checkbox"
            for="testId4"
          >
            <div>
              <div
                class="styledCheckbox unchecked"
              />
              <input
                id="testId4"
                type="checkbox"
              />
            </div>
            <span
              class="itemText undefined"
            >
              testText4
            </span>
          </label>
        </li>
      </ul>
      <div
        class="controlPannel"
      >
        <span
          class="counter"
        >
          4 items left
        </span>
        <div>
          <button
            class="filterButton  "
            name="All"
            type="button"
          >
            All
          </button>
          <button
            class="filterButton  "
            name="Active"
            type="button"
          >
            Active
          </button>
          <button
            class="filterButton  "
            name="Completed"
            type="button"
          >
            Completed
          </button>
        </div>
        <button
          class="clearButton "
          type="button"
        >
          Clear completed
        </button>
      </div>
    </div>
  </div>,
  "debug": [Function],
  "findAllByAltText": [Function],
  "findAllByDisplayValue": [Function],
  "findAllByLabelText": [Function],
  "findAllByPlaceholderText": [Function],
  "findAllByRole": [Function],
  "findAllByTestId": [Function],
  "findAllByText": [Function],
  "findAllByTitle": [Function],
  "findByAltText": [Function],
  "findByDisplayValue": [Function],
  "findByLabelText": [Function],
  "findByPlaceholderText": [Function],
  "findByRole": [Function],
  "findByTestId": [Function],
  "findByText": [Function],
  "findByTitle": [Function],
  "getAllByAltText": [Function],
  "getAllByDisplayValue": [Function],
  "getAllByLabelText": [Function],
  "getAllByPlaceholderText": [Function],
  "getAllByRole": [Function],
  "getAllByTestId": [Function],
  "getAllByText": [Function],
  "getAllByTitle": [Function],
  "getByAltText": [Function],
  "getByDisplayValue": [Function],
  "getByLabelText": [Function],
  "getByPlaceholderText": [Function],
  "getByRole": [Function],
  "getByTestId": [Function],
  "getByText": [Function],
  "getByTitle": [Function],
  "queryAllByAltText": [Function],
  "queryAllByDisplayValue": [Function],
  "queryAllByLabelText": [Function],
  "queryAllByPlaceholderText": [Function],
  "queryAllByRole": [Function],
  "queryAllByTestId": [Function],
  "queryAllByText": [Function],
  "queryAllByTitle": [Function],
  "queryByAltText": [Function],
  "queryByDisplayValue": [Function],
  "queryByLabelText": [Function],
  "queryByPlaceholderText": [Function],
  "queryByRole": [Function],
  "queryByTestId": [Function],
  "queryByText": [Function],
  "queryByTitle": [Function],
  "rerender": [Function],
  "unmount": [Function],
}
`;
